git
http://git-scm.com/book/en/v2/Getting-Started-Git-Basics



~/Documents/workspace/eliza$ git status
On branch master
Your branch is up-to-date with 'origin/master'.

Untracked files:
  (use "git add <file>..." to include in what will be committed)

	eliza-model/src/main/resources/eliza/db/migration/ElizaSelf/V0538__replaceWeatherPools_HighTemperature_to_Mist.sql
	eliza-nc/src/test/resources/tests/test.csv
	eliza-nc/src/test/resources/tests/test.txt
	eliza-nc/src/test/resources/tests/testNoDelete.csvt
	eliza-nc/src/test/resources/tests/testNoDelete.txt
	eliza-tools/.classpath
	eliza-tools/.project
	eliza-tools/.settings/

nothing added to commit but untracked files present (use "git add" to track)
~/Documents/workspace/eliza$ git add eliza-model/src/main/resources/eliza/db/migration/ElizaSelf/V0538__replaceWeatherPools_HighTemperature_to_Mist.sql
~/Documents/workspace/eliza$ git status
On branch master
Your branch is up-to-date with 'origin/master'.

Changes to be committed:
  (use "git reset HEAD <file>..." to unstage)

	new file:   eliza-model/src/main/resources/eliza/db/migration/ElizaSelf/V0538__replaceWeatherPools_HighTemperature_to_Mist.sql

Untracked files:
  (use "git add <file>..." to include in what will be committed)

	eliza-nc/src/test/resources/tests/test.csv
	eliza-nc/src/test/resources/tests/test.txt
	eliza-nc/src/test/resources/tests/testNoDelete.csvt
	eliza-nc/src/test/resources/tests/testNoDelete.txt
	eliza-tools/.classpath
	eliza-tools/.project
	eliza-tools/.settings/




git add
http://git-scm.com/book/en/v2/Git-Basics-Recording-Changes-to-the-Repository
git add is a multipurpose command – you use it to begin tracking new files, to stage files, and to do other things like marking merge-conflicted files as resolved. It may be helpful to think of it more as “add this content to the next commit” rather than “add this file to the project”. 


